==============================================================================
EVENT TIMELINE (annotation)
==============================================================================
Source CSV (via replay_may26.jsonl): 22 events emitted by the streaming engine.
Times below are relative to the engine's session start (elapsed_s).
Priority: LOG = local context / heartbeat; P1 = standard; P2 = safety-immediate.

       t+  prio  event_type                    class               detail
---------  ----  ----------------------------  ------------------  ----------------------------------------
    0m00s  LOG   startup_gps_acquiring         LOCAL_CONTEXT       startup GPS not trusted
    6m11s  P1    gps_degraded_persistent       GPS_HEALTH          duration=191s, avg_speed=0.0 mph
    7m17s  P1    state_gps_untrusted           GPS_HEALTH          duration=247s, avg_speed=0.4 mph
    8m40s  P1    hard_accel                    DRIVING_SUMMARY     accel=3.46 m/s^2
    8m44s  P1    trip_start                    TRIP_SUMMARY        duration=60s, avg_speed=2.2 mph
   17m46s  LOG   state_stopped                 LOCAL_CONTEXT       duration=511s, avg_speed=0.3 mph
   17m46s  LOG   long_stop                     LOCAL_CONTEXT       duration=511s, avg_speed=0.3 mph, stopped within active session
   20m24s  LOG   state_moving                  LOCAL_CONTEXT       duration=157s, avg_speed=9.9 mph
   23m06s  P2    hard_brake                    SAFETY_IMMEDIATE    decel=3.41 m/s^2
   25m00s  P1    moderate_impact               ROAD_EVENT          lin_accel=0.447 g, jerk=0.418 g/s, speed=35.5 mph
   25m55s  P1    hard_brake                    SAFETY_CONTEXT      decel=28.64 m/s^2
   25m56s  P2    hard_accel                    SAFETY_IMMEDIATE    accel=28.65 m/s^2
   26m40s  P1    moderate_impact               ROAD_EVENT          lin_accel=0.332 g, jerk=0.490 g/s, speed=66.3 mph
   28m48s  P1    moderate_impact               ROAD_EVENT          lin_accel=0.502 g, jerk=0.490 g/s, speed=70.9 mph
   31m47s  P1    moderate_impact               ROAD_EVENT          lin_accel=0.345 g, jerk=0.336 g/s, speed=69.7 mph
   35m27s  P1    moderate_impact               ROAD_EVENT          lin_accel=0.430 g, jerk=0.378 g/s, speed=68.3 mph
   39m14s  P1    moderate_impact               ROAD_EVENT          lin_accel=0.308 g, jerk=0.409 g/s, speed=70.2 mph
   41m22s  P1    state_highway                 TRIP_SUMMARY        duration=944s, avg_speed=66.8 mph
   42m43s  P1    moderate_impact               ROAD_EVENT          lin_accel=0.363 g, jerk=0.368 g/s, speed=16.5 mph
   44m32s  P1    moderate_impact               ROAD_EVENT          lin_accel=0.638 g, jerk=0.611 g/s, speed=24.9 mph
   46m30s  P1    hard_brake                    SAFETY_CONTEXT      decel=3.09 m/s^2
   47m52s  P1    state_gps_untrusted           GPS_HEALTH          duration=64s, avg_speed=0.0 mph

==============================================================================
RAW ENGINE LOG (stdout + stderr, captured verbatim during the run)
==============================================================================

2026-05-28 14:07:28,525 skybounce.client INFO starting SkyBounce client, socket=/tmp/skybounce-sensor.sock, endpoint_id=0x53415050
2026-05-28 14:07:28,526 skybounce.client INFO state DISCONNECTED -> CONNECTING
2026-05-28 14:07:28,528 skybounce.client INFO connected to /tmp/skybounce-sensor.sock
2026-05-28 14:07:28,529 skybounce.client INFO state CONNECTING -> AWAITING_HELLO
2026-05-28 14:07:28,529 skybounce.app.logistics.transport INFO IPC transport started, endpoint_id=0x53415050
Rules library: event_rules_v0_2_0
2026-05-28 14:07:28,530 skybounce.client INFO peer HELLO: role=0x02, endpoint_id=0x53433242, caps=0x0000
Input:     /home/sgbir/sensor_data/vehicle_behavior/raw/vehicle_behavior_simple_logger_v0_1_2026-05-26_06-38-45.csv
Transport: ipc
Output:    IPC endpoint_id=0x53415050
2026-05-28 14:07:28,530 skybounce.client INFO state AWAITING_HELLO -> AWAITING_HELLO_ACK
2026-05-28 14:07:28,531 skybounce.client INFO state AWAITING_HELLO_ACK -> STEADY
2026-05-28 14:07:28,531 skybounce.client INFO handshake complete; STEADY
Rate:      1.0 x real-time (paced)
2026-05-28 14:07:28,532 skybounce.app.logistics.engine INFO streaming engine started, rules=event_rules_v0_2_0
2026-05-28 14:07:28,535 skybounce.client DEBUG TELEMETRY_ACK tid=1 disposition=0x01 reason=0
2026-05-28 14:07:28,535 skybounce.app.logistics.transport INFO TELEMETRY_ACK tid=1 disposition=QUEUED reason=0x0000
2026-05-28 14:07:29,565 skybounce.client DEBUG STATUS link_state=0x01 queue_depth=1
2026-05-28 14:07:29,566 skybounce.app.logistics.transport INFO link state UNKNOWN -> ACQUIRING, queue_depth=1
2026-05-28 14:07:38,534 skybounce.client DEBUG PING token=0xA484F84E -> PONG
2026-05-28 14:07:48,536 skybounce.client DEBUG PING token=0x32224749 -> PONG
2026-05-28 14:07:58,537 skybounce.client DEBUG PING token=0xC154276C -> PONG
2026-05-28 14:08:08,539 skybounce.client DEBUG PING token=0xC27202DE -> PONG
2026-05-28 14:08:18,540 skybounce.client DEBUG PING token=0x349D551B -> PONG
2026-05-28 14:08:28,541 skybounce.client DEBUG PING token=0x7CBB0686 -> PONG
2026-05-28 14:08:38,542 skybounce.client DEBUG PING token=0x2B79E504 -> PONG
2026-05-28 14:08:48,544 skybounce.client DEBUG PING token=0x5B9A30BC -> PONG
2026-05-28 14:08:58,545 skybounce.client DEBUG PING token=0xB7426B68 -> PONG
2026-05-28 14:09:08,546 skybounce.client DEBUG PING token=0x62BAA459 -> PONG
2026-05-28 14:09:18,547 skybounce.client DEBUG PING token=0xF5798390 -> PONG
2026-05-28 14:09:28,548 skybounce.client DEBUG PING token=0x95CE0DA6 -> PONG
2026-05-28 14:09:38,549 skybounce.client DEBUG PING token=0x103339B6 -> PONG
2026-05-28 14:09:48,550 skybounce.client DEBUG PING token=0x48E7AC8F -> PONG
2026-05-28 14:09:58,551 skybounce.client DEBUG PING token=0x7EF69C52 -> PONG
2026-05-28 14:10:08,552 skybounce.client DEBUG PING token=0xCDF96DCE -> PONG
2026-05-28 14:10:18,554 skybounce.client DEBUG PING token=0x1F886885 -> PONG
2026-05-28 14:10:28,555 skybounce.client DEBUG PING token=0x7C344D3E -> PONG
2026-05-28 14:10:38,556 skybounce.client DEBUG PING token=0x2FD14ABC -> PONG
2026-05-28 14:10:48,557 skybounce.client DEBUG PING token=0x52230975 -> PONG
2026-05-28 14:10:58,558 skybounce.client DEBUG PING token=0x377A9980 -> PONG
2026-05-28 14:11:08,559 skybounce.client DEBUG PING token=0x66BA61B0 -> PONG
2026-05-28 14:11:18,560 skybounce.client DEBUG PING token=0xCE685BE6 -> PONG
2026-05-28 14:11:28,562 skybounce.client DEBUG PING token=0xF102A93C -> PONG
2026-05-28 14:11:38,563 skybounce.client DEBUG PING token=0xFCAC1825 -> PONG
2026-05-28 14:11:48,564 skybounce.client DEBUG PING token=0x2DDBAAD0 -> PONG
2026-05-28 14:11:58,565 skybounce.client DEBUG PING token=0xC7C62AC0 -> PONG
2026-05-28 14:12:08,566 skybounce.client DEBUG PING token=0x3837F09F -> PONG
2026-05-28 14:12:18,567 skybounce.client DEBUG PING token=0xEB31295E -> PONG
2026-05-28 14:12:28,568 skybounce.client DEBUG PING token=0x6B40A4F7 -> PONG
2026-05-28 14:12:38,569 skybounce.client DEBUG PING token=0x6D383D79 -> PONG
2026-05-28 14:12:48,571 skybounce.client DEBUG PING token=0x1812AD9B -> PONG
2026-05-28 14:12:58,572 skybounce.client DEBUG PING token=0xDA3EC353 -> PONG
2026-05-28 14:13:08,573 skybounce.client DEBUG PING token=0x450F1CD0 -> PONG
2026-05-28 14:13:18,574 skybounce.client DEBUG PING token=0x51118934 -> PONG
2026-05-28 14:13:28,575 skybounce.client DEBUG PING token=0x29575438 -> PONG
2026-05-28 14:13:38,576 skybounce.client DEBUG PING token=0xB26C85B5 -> PONG
2026-05-28 14:13:41,231 skybounce.client DEBUG TELEMETRY_ACK tid=2 disposition=0x01 reason=0
2026-05-28 14:13:41,232 skybounce.app.logistics.transport INFO TELEMETRY_ACK tid=2 disposition=QUEUED reason=0x0000
2026-05-28 14:13:48,577 skybounce.client DEBUG PING token=0xBCF0FC34 -> PONG
2026-05-28 14:13:58,578 skybounce.client DEBUG PING token=0x152DBDE0 -> PONG
2026-05-28 14:14:08,579 skybounce.client DEBUG PING token=0x68AF9C5D -> PONG
2026-05-28 14:14:18,580 skybounce.client DEBUG PING token=0xB7743C45 -> PONG
2026-05-28 14:14:28,581 skybounce.client DEBUG PING token=0xED5C6492 -> PONG
2026-05-28 14:14:38,583 skybounce.client DEBUG PING token=0x4FCF41B4 -> PONG
2026-05-28 14:14:47,240 skybounce.client DEBUG TELEMETRY_ACK tid=3 disposition=0x01 reason=0
2026-05-28 14:14:47,241 skybounce.app.logistics.transport INFO TELEMETRY_ACK tid=3 disposition=QUEUED reason=0x0000
2026-05-28 14:14:48,584 skybounce.client DEBUG PING token=0x8C9053C9 -> PONG
2026-05-28 14:14:58,585 skybounce.client DEBUG PING token=0x69AFF9A9 -> PONG
2026-05-28 14:15:08,586 skybounce.client DEBUG PING token=0x0B58B959 -> PONG
2026-05-28 14:15:18,587 skybounce.client DEBUG PING token=0x6952664F -> PONG
2026-05-28 14:15:28,588 skybounce.client DEBUG PING token=0xF1929F23 -> PONG
2026-05-28 14:15:38,589 skybounce.client DEBUG PING token=0x8387BA10 -> PONG
2026-05-28 14:15:48,590 skybounce.client DEBUG PING token=0x891036A6 -> PONG
2026-05-28 14:15:58,591 skybounce.client DEBUG PING token=0x107891F2 -> PONG
2026-05-28 14:16:08,592 skybounce.client DEBUG PING token=0xE86F4193 -> PONG
2026-05-28 14:16:09,250 skybounce.client DEBUG TELEMETRY_ACK tid=4 disposition=0x01 reason=0
2026-05-28 14:16:09,250 skybounce.app.logistics.transport INFO TELEMETRY_ACK tid=4 disposition=QUEUED reason=0x0000
2026-05-28 14:16:14,251 skybounce.client DEBUG TELEMETRY_ACK tid=5 disposition=0x01 reason=0
2026-05-28 14:16:14,252 skybounce.app.logistics.transport INFO TELEMETRY_ACK tid=5 disposition=QUEUED reason=0x0000
2026-05-28 14:16:18,593 skybounce.client DEBUG PING token=0xADB8AD71 -> PONG
2026-05-28 14:16:28,595 skybounce.client DEBUG PING token=0x652BFAB0 -> PONG
2026-05-28 14:16:38,596 skybounce.client DEBUG PING token=0xF08D1987 -> PONG
2026-05-28 14:16:48,597 skybounce.client DEBUG PING token=0x4BE952FA -> PONG
2026-05-28 14:16:58,598 skybounce.client DEBUG PING token=0xA561E905 -> PONG
2026-05-28 14:17:08,599 skybounce.client DEBUG PING token=0xABBB6471 -> PONG
2026-05-28 14:17:18,600 skybounce.client DEBUG PING token=0x72A3B9CD -> PONG
2026-05-28 14:17:28,602 skybounce.client DEBUG PING token=0xEF80A5AD -> PONG
2026-05-28 14:17:38,603 skybounce.client DEBUG PING token=0x982615A4 -> PONG
2026-05-28 14:17:48,606 skybounce.client DEBUG PING token=0xBE2913F5 -> PONG
2026-05-28 14:17:58,607 skybounce.client DEBUG PING token=0xE84360A4 -> PONG
2026-05-28 14:18:08,609 skybounce.client DEBUG PING token=0xA0BC718E -> PONG
2026-05-28 14:18:18,611 skybounce.client DEBUG PING token=0xCCEA2F67 -> PONG
2026-05-28 14:18:28,613 skybounce.client DEBUG PING token=0xC773FA59 -> PONG
2026-05-28 14:18:38,614 skybounce.client DEBUG PING token=0xC5DF6003 -> PONG
2026-05-28 14:18:48,615 skybounce.client DEBUG PING token=0x59BA30BB -> PONG
2026-05-28 14:18:58,616 skybounce.client DEBUG PING token=0x2442803B -> PONG
2026-05-28 14:19:08,618 skybounce.client DEBUG PING token=0x9DE42B69 -> PONG
2026-05-28 14:19:18,619 skybounce.client DEBUG PING token=0xA8151367 -> PONG
2026-05-28 14:19:28,620 skybounce.client DEBUG PING token=0x52B80F1C -> PONG
2026-05-28 14:19:38,621 skybounce.client DEBUG PING token=0x1AB6F587 -> PONG
2026-05-28 14:19:48,622 skybounce.client DEBUG PING token=0xF8999A1A -> PONG
2026-05-28 14:19:58,623 skybounce.client DEBUG PING token=0x98832276 -> PONG
2026-05-28 14:20:08,624 skybounce.client DEBUG PING token=0xDA239DA4 -> PONG
2026-05-28 14:20:18,625 skybounce.client DEBUG PING token=0x65846589 -> PONG
2026-05-28 14:20:28,627 skybounce.client DEBUG PING token=0x3908027C -> PONG
2026-05-28 14:20:38,628 skybounce.client DEBUG PING token=0xE3E56170 -> PONG
2026-05-28 14:20:48,629 skybounce.client DEBUG PING token=0x11CE9DFF -> PONG
2026-05-28 14:20:58,630 skybounce.client DEBUG PING token=0xA464F69A -> PONG
2026-05-28 14:21:08,631 skybounce.client DEBUG PING token=0xB1FC77FF -> PONG
2026-05-28 14:21:18,632 skybounce.client DEBUG PING token=0xB8560A71 -> PONG
2026-05-28 14:21:28,633 skybounce.client DEBUG PING token=0x48F83605 -> PONG
2026-05-28 14:21:38,634 skybounce.client DEBUG PING token=0xFB517A79 -> PONG
2026-05-28 14:21:48,635 skybounce.client DEBUG PING token=0x1FA4EAE0 -> PONG
2026-05-28 14:21:58,636 skybounce.client DEBUG PING token=0x3DA05F10 -> PONG
2026-05-28 14:22:08,638 skybounce.client DEBUG PING token=0x7E0E9010 -> PONG
2026-05-28 14:22:18,640 skybounce.client DEBUG PING token=0x4E8A2465 -> PONG
2026-05-28 14:22:28,641 skybounce.client DEBUG PING token=0xD3E6C3B3 -> PONG
2026-05-28 14:22:38,642 skybounce.client DEBUG PING token=0xCD94C400 -> PONG
2026-05-28 14:22:48,643 skybounce.client DEBUG PING token=0x63C76F4F -> PONG
2026-05-28 14:22:58,644 skybounce.client DEBUG PING token=0x7AF3FA89 -> PONG
2026-05-28 14:23:08,645 skybounce.client DEBUG PING token=0xE94E863E -> PONG
2026-05-28 14:23:18,646 skybounce.client DEBUG PING token=0x2E3473DC -> PONG
2026-05-28 14:23:28,648 skybounce.client DEBUG PING token=0x2A2E22EA -> PONG
2026-05-28 14:23:38,649 skybounce.client DEBUG PING token=0x63CB0593 -> PONG
2026-05-28 14:23:48,650 skybounce.client DEBUG PING token=0xB1A547A6 -> PONG
2026-05-28 14:23:58,651 skybounce.client DEBUG PING token=0x0E94DE01 -> PONG
2026-05-28 14:24:08,652 skybounce.client DEBUG PING token=0x093FA71F -> PONG
2026-05-28 14:24:18,653 skybounce.client DEBUG PING token=0x0E93233B -> PONG
2026-05-28 14:24:28,654 skybounce.client DEBUG PING token=0x179F966E -> PONG
2026-05-28 14:24:38,655 skybounce.client DEBUG PING token=0xDFAA50F6 -> PONG
2026-05-28 14:24:48,656 skybounce.client DEBUG PING token=0x945A3BC5 -> PONG
2026-05-28 14:24:58,658 skybounce.client DEBUG PING token=0xA620CA52 -> PONG
2026-05-28 14:25:08,659 skybounce.client DEBUG PING token=0x0017BC01 -> PONG
2026-05-28 14:25:16,330 skybounce.client DEBUG TELEMETRY_ACK tid=6 disposition=0x01 reason=0
2026-05-28 14:25:16,330 skybounce.app.logistics.transport INFO TELEMETRY_ACK tid=6 disposition=QUEUED reason=0x0000
2026-05-28 14:25:16,331 skybounce.client DEBUG TELEMETRY_ACK tid=7 disposition=0x01 reason=0
2026-05-28 14:25:16,331 skybounce.app.logistics.transport INFO TELEMETRY_ACK tid=7 disposition=QUEUED reason=0x0000
2026-05-28 14:25:18,661 skybounce.client DEBUG PING token=0x80D65CE8 -> PONG
2026-05-28 14:25:28,662 skybounce.client DEBUG PING token=0x0F4F6D9B -> PONG
2026-05-28 14:25:38,663 skybounce.client DEBUG PING token=0xE7CE495F -> PONG
2026-05-28 14:25:48,664 skybounce.client DEBUG PING token=0xE65D6ACD -> PONG
2026-05-28 14:25:58,665 skybounce.client DEBUG PING token=0xCB539A7C -> PONG
2026-05-28 14:26:08,666 skybounce.client DEBUG PING token=0x55F6CE02 -> PONG
2026-05-28 14:26:18,668 skybounce.client DEBUG PING token=0x13F3039A -> PONG
2026-05-28 14:26:28,668 skybounce.client DEBUG PING token=0x0A131CCA -> PONG
2026-05-28 14:26:38,670 skybounce.client DEBUG PING token=0xDAA9C2CF -> PONG
2026-05-28 14:26:48,671 skybounce.client DEBUG PING token=0x84CFB554 -> PONG
2026-05-28 14:26:58,672 skybounce.client DEBUG PING token=0x3938C644 -> PONG
2026-05-28 14:27:08,673 skybounce.client DEBUG PING token=0xBBA623F4 -> PONG
2026-05-28 14:27:18,674 skybounce.client DEBUG PING token=0x22BE1C64 -> PONG
2026-05-28 14:27:28,675 skybounce.client DEBUG PING token=0xA8E782C0 -> PONG
2026-05-28 14:27:38,677 skybounce.client DEBUG PING token=0x10EAE74F -> PONG
2026-05-28 14:27:48,678 skybounce.client DEBUG PING token=0xC0334C99 -> PONG
2026-05-28 14:27:54,348 skybounce.client DEBUG TELEMETRY_ACK tid=8 disposition=0x01 reason=0
2026-05-28 14:27:54,349 skybounce.app.logistics.transport INFO TELEMETRY_ACK tid=8 disposition=QUEUED reason=0x0000
2026-05-28 14:27:58,679 skybounce.client DEBUG PING token=0xCD9BCEA8 -> PONG
2026-05-28 14:28:08,681 skybounce.client DEBUG PING token=0x35C0BC3C -> PONG
2026-05-28 14:28:18,681 skybounce.client DEBUG PING token=0xDE753994 -> PONG
2026-05-28 14:28:28,683 skybounce.client DEBUG PING token=0x7EEC7FB7 -> PONG
2026-05-28 14:28:38,684 skybounce.client DEBUG PING token=0x3D7DECEA -> PONG
2026-05-28 14:28:48,685 skybounce.client DEBUG PING token=0x6D78BD0C -> PONG
2026-05-28 14:28:58,686 skybounce.client DEBUG PING token=0x947F0FD1 -> PONG
2026-05-28 14:29:08,687 skybounce.client DEBUG PING token=0xF0DED23B -> PONG
2026-05-28 14:29:18,688 skybounce.client DEBUG PING token=0x16ED938B -> PONG
2026-05-28 14:29:28,690 skybounce.client DEBUG PING token=0x77ACA416 -> PONG
2026-05-28 14:29:38,691 skybounce.client DEBUG PING token=0x57A23C11 -> PONG
2026-05-28 14:29:48,692 skybounce.client DEBUG PING token=0x993749AD -> PONG
2026-05-28 14:29:58,693 skybounce.client DEBUG PING token=0x99EFC505 -> PONG
2026-05-28 14:30:08,694 skybounce.client DEBUG PING token=0x6FA7DF21 -> PONG
2026-05-28 14:30:18,696 skybounce.client DEBUG PING token=0x7704E663 -> PONG
2026-05-28 14:30:28,697 skybounce.client DEBUG PING token=0xA40FA5FB -> PONG
2026-05-28 14:30:35,377 skybounce.client DEBUG TELEMETRY_ACK tid=9 disposition=0x01 reason=0
2026-05-28 14:30:35,378 skybounce.app.logistics.transport INFO TELEMETRY_ACK tid=9 disposition=QUEUED reason=0x0000
2026-05-28 14:30:38,698 skybounce.client DEBUG PING token=0x14216E70 -> PONG
2026-05-28 14:30:48,699 skybounce.client DEBUG PING token=0x642E66F4 -> PONG
2026-05-28 14:30:58,700 skybounce.client DEBUG PING token=0xFE6647E3 -> PONG
2026-05-28 14:31:08,701 skybounce.client DEBUG PING token=0x8CD26F4C -> PONG
2026-05-28 14:31:18,703 skybounce.client DEBUG PING token=0x1CD88CE3 -> PONG
2026-05-28 14:31:28,704 skybounce.client DEBUG PING token=0x3F06BE19 -> PONG
2026-05-28 14:31:38,706 skybounce.client DEBUG PING token=0xFECEE8E8 -> PONG
2026-05-28 14:31:48,708 skybounce.client DEBUG PING token=0xF934C1D2 -> PONG
2026-05-28 14:31:58,709 skybounce.client DEBUG PING token=0x7D4DE4F1 -> PONG
2026-05-28 14:32:08,710 skybounce.client DEBUG PING token=0xBA8F26D4 -> PONG
2026-05-28 14:32:18,711 skybounce.client DEBUG PING token=0x92E92D35 -> PONG
2026-05-28 14:32:28,712 skybounce.client DEBUG PING token=0xC4834F79 -> PONG
2026-05-28 14:32:29,393 skybounce.client DEBUG TELEMETRY_ACK tid=10 disposition=0x01 reason=0
2026-05-28 14:32:29,394 skybounce.app.logistics.transport INFO TELEMETRY_ACK tid=10 disposition=QUEUED reason=0x0000
2026-05-28 14:32:38,713 skybounce.client DEBUG PING token=0x11E70D14 -> PONG
2026-05-28 14:32:48,714 skybounce.client DEBUG PING token=0xCBE20217 -> PONG
2026-05-28 14:32:58,715 skybounce.client DEBUG PING token=0x20388061 -> PONG
2026-05-28 14:33:08,717 skybounce.client DEBUG PING token=0x820C308D -> PONG
2026-05-28 14:33:18,718 skybounce.client DEBUG PING token=0xC4BDAA45 -> PONG
2026-05-28 14:33:24,399 skybounce.client DEBUG TELEMETRY_ACK tid=11 disposition=0x01 reason=0
2026-05-28 14:33:24,400 skybounce.app.logistics.transport INFO TELEMETRY_ACK tid=11 disposition=QUEUED reason=0x0000
2026-05-28 14:33:25,400 skybounce.client DEBUG TELEMETRY_ACK tid=12 disposition=0x01 reason=0
2026-05-28 14:33:25,401 skybounce.app.logistics.transport INFO TELEMETRY_ACK tid=12 disposition=QUEUED reason=0x0000
2026-05-28 14:33:28,719 skybounce.client DEBUG PING token=0x3D7F6E96 -> PONG
2026-05-28 14:33:38,721 skybounce.client DEBUG PING token=0x75B84A0E -> PONG
2026-05-28 14:33:48,723 skybounce.client DEBUG PING token=0x7CB96860 -> PONG
2026-05-28 14:33:58,724 skybounce.client DEBUG PING token=0x0C6D8AC1 -> PONG
2026-05-28 14:34:08,725 skybounce.client DEBUG PING token=0xFDDBF425 -> PONG
2026-05-28 14:34:09,405 skybounce.client DEBUG TELEMETRY_ACK tid=13 disposition=0x01 reason=0
2026-05-28 14:34:09,406 skybounce.app.logistics.transport INFO TELEMETRY_ACK tid=13 disposition=QUEUED reason=0x0000
2026-05-28 14:34:18,726 skybounce.client DEBUG PING token=0x6FF0FBA3 -> PONG
2026-05-28 14:34:28,727 skybounce.client DEBUG PING token=0x7C973380 -> PONG
2026-05-28 14:34:38,729 skybounce.client DEBUG PING token=0x95AC20E4 -> PONG
2026-05-28 14:34:48,730 skybounce.client DEBUG PING token=0xA58BB1BE -> PONG
2026-05-28 14:34:58,731 skybounce.client DEBUG PING token=0x8F48A631 -> PONG
2026-05-28 14:35:08,733 skybounce.client DEBUG PING token=0x5B7113F9 -> PONG
2026-05-28 14:35:18,734 skybounce.client DEBUG PING token=0xF0BF140B -> PONG
2026-05-28 14:35:28,736 skybounce.client DEBUG PING token=0x37D81E2B -> PONG
2026-05-28 14:35:38,739 skybounce.client DEBUG PING token=0x020556BA -> PONG
2026-05-28 14:35:48,740 skybounce.client DEBUG PING token=0x214E66FF -> PONG
2026-05-28 14:35:58,741 skybounce.client DEBUG PING token=0x43F24C0A -> PONG
2026-05-28 14:36:08,743 skybounce.client DEBUG PING token=0x9E9862F3 -> PONG
2026-05-28 14:36:17,420 skybounce.client DEBUG TELEMETRY_ACK tid=14 disposition=0x01 reason=0
2026-05-28 14:36:17,421 skybounce.app.logistics.transport INFO TELEMETRY_ACK tid=14 disposition=QUEUED reason=0x0000
2026-05-28 14:36:18,744 skybounce.client DEBUG PING token=0xCF993861 -> PONG
2026-05-28 14:36:28,745 skybounce.client DEBUG PING token=0xA61CF05B -> PONG
2026-05-28 14:36:38,748 skybounce.client DEBUG PING token=0x6E9E054A -> PONG
2026-05-28 14:36:48,749 skybounce.client DEBUG PING token=0xD9F16428 -> PONG
2026-05-28 14:36:58,750 skybounce.client DEBUG PING token=0x511C777D -> PONG
2026-05-28 14:37:08,751 skybounce.client DEBUG PING token=0x63361E21 -> PONG
2026-05-28 14:37:18,753 skybounce.client DEBUG PING token=0x54E044E1 -> PONG
2026-05-28 14:37:28,754 skybounce.client DEBUG PING token=0x9EF0285A -> PONG
2026-05-28 14:37:38,755 skybounce.client DEBUG PING token=0x4974F7F2 -> PONG
2026-05-28 14:37:48,756 skybounce.client DEBUG PING token=0xEC61BBC5 -> PONG
2026-05-28 14:37:58,758 skybounce.client DEBUG PING token=0xAFE15419 -> PONG
2026-05-28 14:38:08,759 skybounce.client DEBUG PING token=0xC7765D84 -> PONG
2026-05-28 14:38:18,760 skybounce.client DEBUG PING token=0x3CB41B93 -> PONG
2026-05-28 14:38:28,761 skybounce.client DEBUG PING token=0x9D5213C6 -> PONG
2026-05-28 14:38:38,762 skybounce.client DEBUG PING token=0x8E7F081F -> PONG
2026-05-28 14:38:48,763 skybounce.client DEBUG PING token=0x0B3AC532 -> PONG
2026-05-28 14:38:58,765 skybounce.client DEBUG PING token=0x0C6B89BA -> PONG
2026-05-28 14:39:08,766 skybounce.client DEBUG PING token=0x41F87BBF -> PONG
2026-05-28 14:39:16,442 skybounce.client DEBUG TELEMETRY_ACK tid=15 disposition=0x01 reason=0
2026-05-28 14:39:16,443 skybounce.app.logistics.transport INFO TELEMETRY_ACK tid=15 disposition=QUEUED reason=0x0000
2026-05-28 14:39:18,767 skybounce.client DEBUG PING token=0x28CDFD69 -> PONG
2026-05-28 14:39:28,768 skybounce.client DEBUG PING token=0xC5B34F69 -> PONG
2026-05-28 14:39:38,769 skybounce.client DEBUG PING token=0x7A63E642 -> PONG
2026-05-28 14:39:48,770 skybounce.client DEBUG PING token=0xB0399D4E -> PONG
2026-05-28 14:39:58,771 skybounce.client DEBUG PING token=0x65DC68B4 -> PONG
2026-05-28 14:40:08,773 skybounce.client DEBUG PING token=0x72FE2F80 -> PONG
2026-05-28 14:40:18,774 skybounce.client DEBUG PING token=0x6B649CEC -> PONG
2026-05-28 14:40:28,775 skybounce.client DEBUG PING token=0xC2489631 -> PONG
2026-05-28 14:40:38,776 skybounce.client DEBUG PING token=0x817C941A -> PONG
2026-05-28 14:40:48,777 skybounce.client DEBUG PING token=0x54164E3B -> PONG
2026-05-28 14:40:58,778 skybounce.client DEBUG PING token=0x27571D88 -> PONG
2026-05-28 14:41:08,779 skybounce.client DEBUG PING token=0xCC6D9323 -> PONG
2026-05-28 14:41:18,780 skybounce.client DEBUG PING token=0x81446528 -> PONG
2026-05-28 14:41:28,781 skybounce.client DEBUG PING token=0x255666B4 -> PONG
2026-05-28 14:41:38,783 skybounce.client DEBUG PING token=0x9B8A2C47 -> PONG
2026-05-28 14:41:48,784 skybounce.client DEBUG PING token=0x9FE18200 -> PONG
2026-05-28 14:41:58,785 skybounce.client DEBUG PING token=0x4484E7B5 -> PONG
2026-05-28 14:42:08,786 skybounce.client DEBUG PING token=0x6F589540 -> PONG
2026-05-28 14:42:18,787 skybounce.client DEBUG PING token=0x63D53CF7 -> PONG
2026-05-28 14:42:28,789 skybounce.client DEBUG PING token=0x55B19486 -> PONG
2026-05-28 14:42:38,790 skybounce.client DEBUG PING token=0xD4619BD9 -> PONG
2026-05-28 14:42:48,792 skybounce.client DEBUG PING token=0xCC938A0B -> PONG
2026-05-28 14:42:56,469 skybounce.client DEBUG TELEMETRY_ACK tid=16 disposition=0x01 reason=0
2026-05-28 14:42:56,470 skybounce.app.logistics.transport INFO TELEMETRY_ACK tid=16 disposition=QUEUED reason=0x0000
2026-05-28 14:42:58,795 skybounce.client DEBUG PING token=0x3D4F5920 -> PONG
2026-05-28 14:43:08,796 skybounce.client DEBUG PING token=0x7A5C55C5 -> PONG
2026-05-28 14:43:18,797 skybounce.client DEBUG PING token=0x09425F23 -> PONG
2026-05-28 14:43:28,798 skybounce.client DEBUG PING token=0xA4EC6FBC -> PONG
2026-05-28 14:43:38,799 skybounce.client DEBUG PING token=0x5A7F7653 -> PONG
2026-05-28 14:43:48,800 skybounce.client DEBUG PING token=0x3E3B579B -> PONG
2026-05-28 14:43:58,801 skybounce.client DEBUG PING token=0x6FD2D9FB -> PONG
2026-05-28 14:44:08,802 skybounce.client DEBUG PING token=0x3B743C33 -> PONG
2026-05-28 14:44:18,803 skybounce.client DEBUG PING token=0x1DA199C0 -> PONG
2026-05-28 14:44:28,805 skybounce.client DEBUG PING token=0xAB61D3D4 -> PONG
2026-05-28 14:44:38,806 skybounce.client DEBUG PING token=0x7DC980B2 -> PONG
2026-05-28 14:44:48,807 skybounce.client DEBUG PING token=0xAABF712B -> PONG
2026-05-28 14:44:58,809 skybounce.client DEBUG PING token=0x1FA2B28E -> PONG
2026-05-28 14:45:08,810 skybounce.client DEBUG PING token=0xF2C9C7B7 -> PONG
2026-05-28 14:45:18,811 skybounce.client DEBUG PING token=0xDFC7F0DF -> PONG
2026-05-28 14:45:28,812 skybounce.client DEBUG PING token=0x72C799AD -> PONG
2026-05-28 14:45:38,813 skybounce.client DEBUG PING token=0x07E7B153 -> PONG
2026-05-28 14:45:48,814 skybounce.client DEBUG PING token=0x6564214A -> PONG
2026-05-28 14:45:58,815 skybounce.client DEBUG PING token=0x08CB56DF -> PONG
2026-05-28 14:46:08,817 skybounce.client DEBUG PING token=0x95459433 -> PONG
2026-05-28 14:46:18,818 skybounce.client DEBUG PING token=0x7A52F5A1 -> PONG
2026-05-28 14:46:28,819 skybounce.client DEBUG PING token=0xFE68D6C9 -> PONG
2026-05-28 14:46:38,820 skybounce.client DEBUG PING token=0xD33ACB30 -> PONG
2026-05-28 14:46:43,499 skybounce.client DEBUG TELEMETRY_ACK tid=17 disposition=0x80 reason=2
2026-05-28 14:46:43,500 skybounce.app.logistics.transport WARNING TELEMETRY_ACK tid=17 disposition=DROPPED_BUFFER_FULL reason=0x0002 (failures so far: 1)
2026-05-28 14:46:48,821 skybounce.client DEBUG PING token=0x94B95E9B -> PONG
2026-05-28 14:46:58,823 skybounce.client DEBUG PING token=0x8A65AABE -> PONG
2026-05-28 14:47:08,823 skybounce.client DEBUG PING token=0x7820E92E -> PONG
2026-05-28 14:47:18,825 skybounce.client DEBUG PING token=0x20BAE972 -> PONG
2026-05-28 14:47:28,826 skybounce.client DEBUG PING token=0x1C56DB32 -> PONG
2026-05-28 14:47:38,827 skybounce.client DEBUG PING token=0xE627B305 -> PONG
2026-05-28 14:47:48,828 skybounce.client DEBUG PING token=0xC45171BB -> PONG
2026-05-28 14:47:58,829 skybounce.client DEBUG PING token=0xFDFB6F79 -> PONG
2026-05-28 14:48:08,830 skybounce.client DEBUG PING token=0x5190270D -> PONG
2026-05-28 14:48:18,831 skybounce.client DEBUG PING token=0xE1A485B0 -> PONG
2026-05-28 14:48:28,833 skybounce.client DEBUG PING token=0x4E380691 -> PONG
2026-05-28 14:48:38,834 skybounce.client DEBUG PING token=0x4E4CF879 -> PONG
2026-05-28 14:48:48,835 skybounce.client DEBUG PING token=0x88D4841F -> PONG
2026-05-28 14:48:52,515 skybounce.client DEBUG TELEMETRY_ACK tid=18 disposition=0x80 reason=2
2026-05-28 14:48:52,516 skybounce.app.logistics.transport WARNING TELEMETRY_ACK tid=18 disposition=DROPPED_BUFFER_FULL reason=0x0002 (failures so far: 2)
2026-05-28 14:48:58,836 skybounce.client DEBUG PING token=0x5BE02A0F -> PONG
2026-05-28 14:49:08,837 skybounce.client DEBUG PING token=0xC654ACED -> PONG
2026-05-28 14:49:18,839 skybounce.client DEBUG PING token=0xF7D9FA6B -> PONG
2026-05-28 14:49:28,840 skybounce.client DEBUG PING token=0xFB477F0C -> PONG
2026-05-28 14:49:38,841 skybounce.client DEBUG PING token=0x4D9D4018 -> PONG
2026-05-28 14:49:48,842 skybounce.client DEBUG PING token=0x6468D8F7 -> PONG
2026-05-28 14:49:58,843 skybounce.client DEBUG PING token=0x7C1F2F0C -> PONG
2026-05-28 14:50:08,845 skybounce.client DEBUG PING token=0x9F2CFFFE -> PONG
2026-05-28 14:50:12,524 skybounce.client DEBUG TELEMETRY_ACK tid=19 disposition=0x80 reason=2
2026-05-28 14:50:12,524 skybounce.app.logistics.transport WARNING TELEMETRY_ACK tid=19 disposition=DROPPED_BUFFER_FULL reason=0x0002 (failures so far: 3)
2026-05-28 14:50:18,846 skybounce.client DEBUG PING token=0xC6EF185D -> PONG
2026-05-28 14:50:28,847 skybounce.client DEBUG PING token=0x0361B5A9 -> PONG
2026-05-28 14:50:38,849 skybounce.client DEBUG PING token=0x013173E2 -> PONG
2026-05-28 14:50:48,849 skybounce.client DEBUG PING token=0x394FADCE -> PONG
2026-05-28 14:50:58,851 skybounce.client DEBUG PING token=0x6CAC1DA4 -> PONG
2026-05-28 14:51:08,852 skybounce.client DEBUG PING token=0xDA5B4FDA -> PONG
2026-05-28 14:51:18,853 skybounce.client DEBUG PING token=0x4907D6DA -> PONG
2026-05-28 14:51:28,854 skybounce.client DEBUG PING token=0x6338A1F7 -> PONG
2026-05-28 14:51:38,855 skybounce.client DEBUG PING token=0xF168278D -> PONG
2026-05-28 14:51:48,856 skybounce.client DEBUG PING token=0xAEF0BE66 -> PONG
2026-05-28 14:51:58,857 skybounce.client DEBUG PING token=0xD91D19CF -> PONG
2026-05-28 14:52:00,537 skybounce.client DEBUG TELEMETRY_ACK tid=20 disposition=0x80 reason=2
2026-05-28 14:52:00,538 skybounce.app.logistics.transport WARNING TELEMETRY_ACK tid=20 disposition=DROPPED_BUFFER_FULL reason=0x0002 (failures so far: 4)
2026-05-28 14:52:08,858 skybounce.client DEBUG PING token=0xD4EDC056 -> PONG
2026-05-28 14:52:18,859 skybounce.client DEBUG PING token=0xBFD5EF4A -> PONG
2026-05-28 14:52:28,860 skybounce.client DEBUG PING token=0x2E3D2812 -> PONG
2026-05-28 14:52:38,861 skybounce.client DEBUG PING token=0x39F21563 -> PONG
2026-05-28 14:52:48,862 skybounce.client DEBUG PING token=0xEC8FB0EA -> PONG
2026-05-28 14:52:58,864 skybounce.client DEBUG PING token=0xE25766EC -> PONG
2026-05-28 14:53:08,865 skybounce.client DEBUG PING token=0xF905C92F -> PONG
2026-05-28 14:53:18,866 skybounce.client DEBUG PING token=0x3A2D93D6 -> PONG
2026-05-28 14:53:28,867 skybounce.client DEBUG PING token=0x3435D7E5 -> PONG
2026-05-28 14:53:38,868 skybounce.client DEBUG PING token=0x92061E8A -> PONG
2026-05-28 14:53:48,869 skybounce.client DEBUG PING token=0x26D5453C -> PONG
2026-05-28 14:53:58,554 skybounce.client DEBUG TELEMETRY_ACK tid=21 disposition=0x80 reason=2
2026-05-28 14:53:58,555 skybounce.app.logistics.transport WARNING TELEMETRY_ACK tid=21 disposition=DROPPED_BUFFER_FULL reason=0x0002 (failures so far: 5)
2026-05-28 14:53:58,871 skybounce.client DEBUG PING token=0x419E9B34 -> PONG
2026-05-28 14:54:08,872 skybounce.client DEBUG PING token=0xD765E4C9 -> PONG
2026-05-28 14:54:18,873 skybounce.client DEBUG PING token=0xD9CB9D2A -> PONG
2026-05-28 14:54:28,874 skybounce.client DEBUG PING token=0xF128EA98 -> PONG
2026-05-28 14:54:38,875 skybounce.client DEBUG PING token=0xA72BA3AF -> PONG
2026-05-28 14:54:48,876 skybounce.client DEBUG PING token=0x3557C8DC -> PONG
2026-05-28 14:54:58,877 skybounce.client DEBUG PING token=0x2823E9B9 -> PONG
2026-05-28 14:55:08,878 skybounce.client DEBUG PING token=0x2F670A6F -> PONG
2026-05-28 14:55:18,880 skybounce.client DEBUG PING token=0x4E83E0D2 -> PONG
2026-05-28 14:55:20,565 skybounce.client DEBUG TELEMETRY_ACK tid=22 disposition=0x80 reason=2
2026-05-28 14:55:20,566 skybounce.app.logistics.transport WARNING TELEMETRY_ACK tid=22 disposition=DROPPED_BUFFER_FULL reason=0x0002 (failures so far: 6)
2026-05-28 14:55:25,572 skybounce.app.logistics.transport WARNING IPC transport close: drain deadline (5.0s) reached with 6/22 telemetries terminal; 16 in-flight frames will be dropped at socket close
2026-05-28 14:55:25,573 skybounce.app.logistics.transport INFO IPC transport closing, 22 events submitted
2026-05-28 14:55:25,574 skybounce.app.logistics.transport INFO TELEMETRY_ACK summary: QUEUED=16, DROPPED_BUFFER_FULL=6
2026-05-28 14:55:25,574 skybounce.client INFO stopping SkyBounce client
2026-05-28 14:55:25,575 skybounce.client INFO closing socket: client stop
2026-05-28 14:55:25,575 skybounce.client INFO state STEADY -> DISCONNECTED
2026-05-28 14:55:25,578 skybounce.client INFO peer closed connection
Events emitted: 22
